<html>
<body>
<pre>
<h1>µVision Build Log</h1>
<h2>Tool Versions:</h2>
IDE-Version: µVision V5.14.0.0
Copyright (C) 2015 ARM Ltd and ARM Germany GmbH. All rights reserved.
License Information: loulou loiloi, agir, LIC=----
 
Tool Versions:
Toolchain:       MDK-Lite  Version: 5.14.0.0
Toolchain Path:  C:\Keil_v5\ARM\ARMCC\Bin
C Compiler:      Armcc.exe V5.05 update 1 (build 106)
Assembler:       Armasm.exe V5.05 update 1 (build 106)
Linker/Locator:  ArmLink.exe V5.05 update 1 (build 106)
Library Manager: ArmAr.exe V5.05 update 1 (build 106)
Hex Converter:   FromElf.exe V5.05 update 1 (build 106)
CPU DLL:         SARM.DLL V5.14.0.0
Dialog DLL:      DARMP.DLL V1.51
Target DLL:      UL2ARM.DLL V1.74.5.0
Dialog DLL:      TARMP.DLL V1.51
 
<h2>Project:</h2>
C:\Users\GGELECTRONIC\Desktop\Secodaire1\ARM7\Blinky_AGIR\Blinky_ARM7\Blinky.uvproj
Project File Date:  04/24/2015

<h2>Output:</h2>
Rebuild target 'LPC2378 Flash'
assembling LPC2300.s...
compiling LCD_4bit.c...
compiling agir_bp.c...
compiling agir_bus_can.c...
compiling agir_fonctions.c...
..\Agir_soft\DemonstrateurFille\agir_fonctions.c(42): warning:  #223-D: function "sprintf" declared implicitly
        sprintf(buffer, "Etat_1:%d, cap:%d",etat,gpio_get_value(PORT_CAPTEUR_MARGEUR_01,PIN_CAPTEUR_MARGEUR_01));
..\Agir_soft\DemonstrateurFille\agir_fonctions.c(43): warning:  #167-D: argument of type "char *" is incompatible with parameter of type "const unsigned char *"
        lcd_print(buffer);
..\Agir_soft\DemonstrateurFille\agir_fonctions.c(46): warning:  #167-D: argument of type "char *" is incompatible with parameter of type "const unsigned char *"
        lcd_print(buffer);
..\Agir_soft\DemonstrateurFille\agir_fonctions.c: 3 warnings, 0 errors
compiling agir_gpio.c...
..\Agir_soft\DemonstrateurFille\agir_gpio.c(153): warning:  #68-D: integer conversion resulted in a change of sign
                        pin_value = -1;
..\Agir_soft\DemonstrateurFille\agir_gpio.c(472): warning:  #223-D: function "set_cursor" declared implicitly
        set_cursor (1, 0);
..\Agir_soft\DemonstrateurFille\agir_gpio.c(476): warning:  #223-D: function "lcd_print" declared implicitly
        lcd_print (str_01);
..\Agir_soft\DemonstrateurFille\agir_gpio.c(482): warning:  #514-D: pointless comparison of unsigned integer with a negative constant
        if (pin_value == -1)
..\Agir_soft\DemonstrateurFille\agir_gpio.c: 4 warnings, 0 errors
compiling agir_main.c...
..\Agir_soft\DemonstrateurFille\agir_main.c(75): warning:  #111-D: statement is unreachable
        return 1;
..\Agir_soft\DemonstrateurFille\agir_main.c: 1 warning, 0 errors
compiling agir_timer.c...
..\Agir_soft\DemonstrateurFille\agir_timer.c(41): warning:  #177-D: variable "buffer" was declared but never referenced
        char buffer[TAILLE_LIGNE_LCD];
..\Agir_soft\DemonstrateurFille\agir_timer.c: 1 warning, 0 errors
linking...
Program Size: Code=7250 RO-data=98 RW-data=8 ZI-data=1328  
".\Flash\Blinky.axf" - 0 Error(s), 9 Warning(s).
</pre>
</body>
</html>
