<html>
<body>
<pre>
<h1>µVision Build Log</h1>
<h2>Project:</h2>
E:\nouveau dossier\Blinky2\Blinky.uvproj
Project File Date:  06/04/2014

<h2>Output:</h2>
Build target 'LPC2378 Flash'
compiling test.c...
test.c(32): warning:  #167-D: argument of type "char *" is incompatible with parameter of type "const unsigned char *"
test.c(35): warning:  #167-D: argument of type "char *" is incompatible with parameter of type "const unsigned char *"
test.c(110): error:  #20: identifier "PWM1MRO" is undefined
test.c(115): error:  #20: identifier "PWM1MRO" is undefined
test.c(267): warning:  #1-D: last line of file ends without a newline
Target not created
Build target 'LPC2378 Flash'
compiling test.c...
test.c(32): warning:  #167-D: argument of type "char *" is incompatible with parameter of type "const unsigned char *"
test.c(35): warning:  #167-D: argument of type "char *" is incompatible with parameter of type "const unsigned char *"
test.c(267): warning:  #1-D: last line of file ends without a newline
linking...
Program Size: Code=5306 RO-data=98 RW-data=44 ZI-data=1316  
".\Flash\Blinky.axf" - 0 Error(s), 3 Warning(s).
Build target 'LPC2378 Flash'
compiling test.c...
test.c(32): warning:  #167-D: argument of type "char *" is incompatible with parameter of type "const unsigned char *"
test.c(35): warning:  #167-D: argument of type "char *" is incompatible with parameter of type "const unsigned char *"
test.c(270): warning:  #1-D: last line of file ends without a newline
linking...
Program Size: Code=5338 RO-data=98 RW-data=44 ZI-data=1316  
".\Flash\Blinky.axf" - 0 Error(s), 3 Warning(s).
