<html>
<body>
<pre>
<h1>µVision Build Log</h1>
<h2>Tool Versions:</h2>
IDE-Version: µVision V5.14.0.0
Copyright (C) 2015 ARM Ltd and ARM Germany GmbH. All rights reserved.
License Information: loulou loiloi, agir, LIC=----
 
Tool Versions:
Toolchain:       MDK-Lite  Version: 5.14.0.0
Toolchain Path:  C:\Keil_v5\ARM\ARMCC\Bin
C Compiler:      Armcc.exe V5.05 update 1 (build 106)
Assembler:       Armasm.exe V5.05 update 1 (build 106)
Linker/Locator:  ArmLink.exe V5.05 update 1 (build 106)
Library Manager: ArmAr.exe V5.05 update 1 (build 106)
Hex Converter:   FromElf.exe V5.05 update 1 (build 106)
CPU DLL:         SARM.DLL V5.14.0.0
Dialog DLL:      DARMP.DLL V1.51
Target DLL:      UL2ARM.DLL V1.74.5.0
Dialog DLL:      TARMP.DLL V1.51
 
<h2>Project:</h2>
C:\Users\GGELECTRONIC\Desktop\AGIR_DEMO\MERE\ARM7\Blinky_AGIR\Blinky_ARM7\Blinky.uvproj
Project File Date:  05/02/2015

<h2>Output:</h2>
Rebuild target 'LPC2378 Flash'
assembling LPC2300.s...
compiling agir_bp.c...
compiling agir_bus_can.c...
compiling agir_fonctions.c...
..\Agir_soft\DemonstrateurMere\agir_fonctions.c(47): warning:  #223-D: function "sprintf" declared implicitly
        sprintf(buffer, "E1:%d(%d),E2:%d(%d)",ETAT_1,ETAT_2,CAP_1,CAP_2);
..\Agir_soft\DemonstrateurMere\agir_fonctions.c(48): warning:  #167-D: argument of type "char *" is incompatible with parameter of type "const unsigned char *"
        lcd_print(buffer);
..\Agir_soft\DemonstrateurMere\agir_fonctions.c(51): warning:  #167-D: argument of type "char *" is incompatible with parameter of type "const unsigned char *"
        lcd_print(buffer);
..\Agir_soft\DemonstrateurMere\agir_fonctions.c: 3 warnings, 0 errors
compiling agir_main.c...
..\Agir_soft\DemonstrateurMere\agir_main.c(74): warning:  #111-D: statement is unreachable
        return 1;
..\Agir_soft\DemonstrateurMere\agir_main.c: 1 warning, 0 errors
compiling agir_timer.c...
..\Agir_soft\DemonstrateurMere\agir_timer.c(45): warning:  #177-D: variable "buffer" was declared but never referenced
        char buffer[TAILLE_LIGNE_LCD];
..\Agir_soft\DemonstrateurMere\agir_timer.c: 1 warning, 0 errors
compiling agir_uart.c...
compiling LCD_4bit.c...
linking...
Program Size: Code=3042 RO-data=98 RW-data=8 ZI-data=1288  
".\Flash\Blinky.axf" - 0 Error(s), 5 Warning(s).
</pre>
</body>
</html>
